// Jest Snapshot v1, https://goo.gl/fbAQLP

exports[`WindowSwitcherComponent should render correctly 1`] = `
<app-window-switcher>
  <ul
    class="app-header__menu header-nav window-switcher__container"
    nz-menu=""
    nzmode="horizontal"
    sortablejs=""
  >
    
    
    <li
      class="nav-link nav-text window-switcher window-switcher--new-window"
      nz-menu-item=""
    >
        
    </li>
    
  </ul>
  <context-menu>
    
    
    
    
    
    
    
  </context-menu>
</app-window-switcher>
`;
